// Jest Snapshot v1, https://goo.gl/fbAQLP

exports[`renders correctly 1`] = `
.c0 {
  -webkit-align-self: center;
  -ms-flex-item-align: center;
  align-self: center;
  font-size: 0.8999999999999999rem;
  line-height: 1.3;
  max-width: 33.6rem;
}

@media (min-width:768px) {
  .c0 {
    line-height: 1.4;
  }
}

@media (min-width:992px) {
  .c0 {
    line-height: 1.5;
  }
}

<div
  className="c0"
/>
`;
